src/app/dashboard/inbox/page.tsx(189,7): error TS2322: Type 'unknown' is not assignable to type 'ReactNode'.
